[2026-03-10 18:45:35] 守护进程已启动，检查间隔: 15s
[2026-03-10 19:32:17] 守护进程已启动，检查间隔: 15s
[2026-03-10 20:00:41] 守护进程已启动，检查间隔: 15s
[2026-03-10 20:22:03] 守护进程已启动，检查间隔: 15s
[2026-03-19 18:36:16] 后端状态异常，执行自动重启
[2026-03-19 18:36:16] 启动后端服务 (:8000)
[2026-03-19 18:36:19] 后端健康检查通过 (PID: 11169)
[2026-03-19 18:36:34] 后端状态异常，执行自动重启
[2026-03-19 18:36:34] 启动后端服务 (:8000)
[2026-03-19 18:36:35] 后端健康检查通过 (PID: 11441)
[2026-03-19 18:37:06] 后端状态异常，执行自动重启
[2026-03-19 18:37:06] 启动后端服务 (:8000)
[2026-03-19 18:37:07] 后端健康检查通过 (PID: 11732)
[2026-03-19 18:43:55] 后端状态异常，执行自动重启
[2026-03-19 18:43:55] 启动后端服务 (:8000)
[2026-03-19 18:43:57] 后端健康检查通过 (PID: 17683)
[2026-03-19 19:09:38] 后端状态异常，执行自动重启
[2026-03-19 19:09:38] 启动后端服务 (:8000)
[2026-03-19 19:09:39] 后端健康检查通过 (PID: 26304)
[2026-03-20 20:45:14] 前端状态异常，执行自动重启
[2026-03-20 20:45:14] 启动前端服务 (:4321)
[2026-03-20 20:45:14] 端口 4321 已被占用，清理占用进程: 44911
[2026-03-20 20:45:18] 前端健康检查通过 (PID: 17194)
[2026-03-26 10:29:07] 前端状态异常，执行自动重启
[2026-03-26 10:29:07] 启动前端服务 (:4321)
[2026-03-26 10:29:11] 前端健康检查通过 (PID: 83905)
